tick 0 client_tick 4 unmatched — no memory of this tick
tick 0 client_tick 4 unmatched — no memory of this tick
tick 1 client_tick 5 d +0.0000 -0.2400 +0.0000 dist 0.2400 dv +0.0000 -0.2400 +0.0000 footing_agreed false server_ground false
tick 2 client_tick 6 d +0.0000 -0.7200 +0.0000 dist 0.7200 dv +0.0000 -0.4800 +0.0000 footing_agreed false server_ground false
tick 3 client_tick 8 d +0.0000 -1.4400 +0.0000 dist 1.4400 dv +0.0000 -0.7200 +0.0000 footing_agreed false server_ground false
tick 4 client_tick 9 d +0.0000 -2.4000 +0.0000 dist 2.4000 dv +0.0000 -0.9600 +0.0000 footing_agreed false server_ground false
tick 5 client_tick 10 d +0.0000 +0.0000 +0.0000 dist 0.0000 dv +0.0000 +0.0000 +0.0000 footing_agreed true server_ground false
tick 6 client_tick 11 d +0.0000 -3.8010 +0.0000 dist 3.8010 dv +0.0000 -1.2000 +0.0000 footing_agreed true server_ground false
tick 7 client_tick 12 d +0.0000 +0.0000 +0.0000 dist 0.0000 dv +0.0000 +0.0000 +0.0000 footing_agreed true server_ground false
tick 8 client_tick 13 d +0.0000 +0.0000 +0.0000 dist 0.0000 dv +0.0000 +0.0000 +0.0000 footing_agreed true server_ground false
tick 9 client_tick 14 d +0.0000 -8.5610 +0.0000 dist 8.5610 dv +0.0000 -1.9200 +0.0000 footing_agreed true server_ground false
tick 10 client_tick 15 d +0.0000 +0.0000 +0.0000 dist 0.0000 dv +0.0000 +0.0000 +0.0000 footing_agreed true server_ground true
tick 11 client_tick 16 d +0.0000 +0.0000 +0.0000 dist 0.0000 dv +0.0000 +0.0000 +0.0000 footing_agreed true server_ground true
tick 12 client_tick 17 d +0.0000 +0.0000 +0.0000 dist 0.0000 dv +0.0000 +0.0000 +0.0000 footing_agreed true server_ground true
tick 13 client_tick 18 d +0.0000 +0.0000 +0.0000 dist 0.0000 dv +0.0000 +0.0000 +0.0000 footing_agreed true server_ground true
tick 14 client_tick 19 d +0.0000 +0.0000 +0.0000 dist 0.0000 dv +0.0000 +0.0000 +0.0000 footing_agreed true server_ground true
tick 15 client_tick 20 d +0.0000 +0.0000 +0.0000 dist 0.0000 dv +0.0000 +0.0000 +0.0000 footing_agreed true server_ground true
tick 16 client_tick 21 d +0.0000 +0.0000 +0.0000 dist 0.0000 dv +0.0000 +0.0000 +0.0000 footing_agreed true server_ground true
tick 17 client_tick 22 d +0.0000 +0.0000 +0.0000 dist 0.0000 dv +0.0000 +0.0000 +0.0000 footing_agreed true server_ground true
tick 18 client_tick 23 d +0.0000 +0.0000 +0.0000 dist 0.0000 dv +0.0000 +0.0000 +0.0000 footing_agreed true server_ground true
tick 19 client_tick 24 d +0.0000 +0.0000 +0.0000 dist 0.0000 dv +0.0000 +0.0000 +0.0000 footing_agreed true server_ground true
tick 20 client_tick 25 d +0.0000 +0.0000 +0.0000 dist 0.0000 dv +0.0000 +0.0000 +0.0000 footing_agreed true server_ground true
tick 21 client_tick 26 d +0.0000 +0.0000 +0.0000 dist 0.0000 dv +0.0000 +0.0000 +0.0000 footing_agreed true server_ground true
tick 22 client_tick 27 d +0.0000 +0.0000 +0.0000 dist 0.0000 dv +0.0000 +0.0000 +0.0000 footing_agreed true server_ground true
tick 23 client_tick 28 d +0.0000 +0.0000 +0.0000 dist 0.0000 dv +0.0000 +0.0000 +0.0000 footing_agreed true server_ground true
tick 24 client_tick 29 d +0.0000 +0.0000 +0.0000 dist 0.0000 dv +0.0000 +0.0000 +0.0000 footing_agreed true server_ground true
tick 25 client_tick 30 d +0.0000 +0.0000 +0.0000 dist 0.0000 dv +0.0000 +0.0000 +0.0000 footing_agreed true server_ground true
tick 26 client_tick 31 d +0.0000 +0.0000 +0.0000 dist 0.0000 dv +0.0000 +0.0000 +0.0000 footing_agreed true server_ground true
tick 27 client_tick 32 d +0.0000 +0.0000 +0.0000 dist 0.0000 dv +0.0000 +0.0000 +0.0000 footing_agreed true server_ground true
tick 28 client_tick 33 d +0.0000 +0.0000 +0.0000 dist 0.0000 dv +0.0000 +0.0000 +0.0000 footing_agreed true server_ground true
tick 29 client_tick 34 d +0.0000 +0.0000 +0.0000 dist 0.0000 dv +0.0000 +0.0000 +0.0000 footing_agreed true server_ground true
tick 30 client_tick 35 d +0.0000 +0.0000 +0.0000 dist 0.0000 dv +0.0000 +0.0000 +0.0000 footing_agreed true server_ground true
tick 31 client_tick 35 d +0.0000 +0.0000 +0.0000 dist 0.0000 dv +0.0000 +0.0000 +0.0000 footing_agreed true server_ground true
tick 32 client_tick 37 d +0.0000 +0.0000 +0.0000 dist 0.0000 dv +0.0000 +0.0000 +0.0000 footing_agreed true server_ground true
tick 33 client_tick 38 d +0.0000 +0.0000 +0.0000 dist 0.0000 dv +0.0000 +0.0000 +0.0000 footing_agreed true server_ground true
tick 34 client_tick 39 d +0.0000 +0.0000 +0.0000 dist 0.0000 dv +0.0000 +0.0000 +0.0000 footing_agreed true server_ground true
tick 35 client_tick 40 d +0.0000 +0.0000 +0.0000 dist 0.0000 dv +0.0000 +0.0000 +0.0000 footing_agreed true server_ground true
tick 36 client_tick 41 d +0.0000 +0.0000 +0.0000 dist 0.0000 dv +0.0000 +0.0000 +0.0000 footing_agreed true server_ground true
tick 37 client_tick 42 d +0.0000 +0.0000 +0.0000 dist 0.0000 dv +0.0000 +0.0000 +0.0000 footing_agreed true server_ground true
tick 38 client_tick 43 d +0.0000 +0.0000 +0.0000 dist 0.0000 dv +0.0000 +0.0000 +0.0000 footing_agreed true server_ground true
tick 39 client_tick 44 d +0.0000 +0.0000 +0.0000 dist 0.0000 dv +0.0000 +0.0000 +0.0000 footing_agreed true server_ground true
tick 40 client_tick 45 d +0.0000 +0.0000 +0.0000 dist 0.0000 dv +0.0000 +0.0000 +0.0000 footing_agreed true server_ground true
tick 41 client_tick 46 d +0.0000 +0.0000 +0.0000 dist 0.0000 dv +0.0000 +0.0000 +0.0000 footing_agreed true server_ground true
tick 42 client_tick 47 d +0.0000 +0.0000 +0.0000 dist 0.0000 dv +0.0000 +0.0000 +0.0000 footing_agreed true server_ground true
tick 43 client_tick 48 d +0.0000 +0.0000 +0.0000 dist 0.0000 dv +0.0000 +0.0000 +0.0000 footing_agreed true server_ground true
tick 44 client_tick 49 d +0.0000 +0.0000 +0.0000 dist 0.0000 dv +0.0000 +0.0000 +0.0000 footing_agreed true server_ground true
tick 45 client_tick 50 d +0.0000 +0.0000 +0.0000 dist 0.0000 dv +0.0000 +0.0000 +0.0000 footing_agreed true server_ground true
tick 46 client_tick 51 d +0.0000 +0.0000 +0.0000 dist 0.0000 dv +0.0000 +0.0000 +0.0000 footing_agreed true server_ground true
tick 47 client_tick 52 d +0.0000 +0.0000 +0.0000 dist 0.0000 dv +0.0000 +0.0000 +0.0000 footing_agreed true server_ground true
tick 48 client_tick 53 d +0.0000 +0.0000 +0.0000 dist 0.0000 dv +0.0000 +0.0000 +0.0000 footing_agreed true server_ground true
tick 49 client_tick 54 d +0.0000 +0.0000 +0.0000 dist 0.0000 dv +0.0000 +0.0000 +0.0000 footing_agreed true server_ground true
tick 50 client_tick 55 d +0.0000 +0.0000 +0.0000 dist 0.0000 dv +0.0000 +0.0000 +0.0000 footing_agreed true server_ground true
tick 51 client_tick 56 d +0.0000 +0.0000 +0.0000 dist 0.0000 dv +0.0000 +0.0000 +0.0000 footing_agreed true server_ground true
tick 52 client_tick 57 d +0.0000 +0.0000 +0.0000 dist 0.0000 dv +0.0000 +0.0000 +0.0000 footing_agreed true server_ground true
tick 53 client_tick 58 d +0.0000 +0.0000 +0.0000 dist 0.0000 dv +0.0000 +0.0000 +0.0000 footing_agreed true server_ground true
tick 54 client_tick 59 d +0.0000 +0.0000 +0.0000 dist 0.0000 dv +0.0000 +0.0000 +0.0000 footing_agreed true server_ground true
tick 55 client_tick 60 d +0.0000 +0.0000 +0.0000 dist 0.0000 dv +0.0000 +0.0000 +0.0000 footing_agreed true server_ground true
tick 56 client_tick 61 d +0.0000 +0.0000 +0.0000 dist 0.0000 dv +0.0000 +0.0000 +0.0000 footing_agreed true server_ground true
tick 57 client_tick 62 d +0.0000 +0.0000 +0.0000 dist 0.0000 dv +0.0000 +0.0000 +0.0000 footing_agreed true server_ground true
tick 58 client_tick 63 d +0.0000 +0.0000 +0.0000 dist 0.0000 dv +0.0000 +0.0000 +0.0000 footing_agreed true server_ground true
tick 59 client_tick 64 d +0.0000 +0.0000 +0.0000 dist 0.0000 dv +0.0000 +0.0000 +0.0000 footing_agreed true server_ground true
tick 60 client_tick 65 d +0.0000 +0.0000 +0.0000 dist 0.0000 dv +0.0000 +0.0000 +0.0000 footing_agreed true server_ground true
tick 61 client_tick 66 d +0.0000 +0.0000 +0.0000 dist 0.0000 dv +0.0000 +0.0000 +0.0000 footing_agreed true server_ground true
tick 62 client_tick 67 d +0.0000 +0.0000 +0.0000 dist 0.0000 dv +0.0000 +0.0000 +0.0000 footing_agreed true server_ground true
tick 63 client_tick 68 d +0.0000 +0.0000 +0.0000 dist 0.0000 dv +0.0000 +0.0000 +0.0000 footing_agreed true server_ground true
tick 64 client_tick 69 d +0.0000 +0.0000 +0.0000 dist 0.0000 dv +0.0000 +0.0000 +0.0000 footing_agreed true server_ground true
tick 65 client_tick 70 d +0.0000 +0.0000 +0.0000 dist 0.0000 dv +0.0000 +0.0000 +0.0000 footing_agreed true server_ground true
tick 66 client_tick 71 d +0.0000 +0.0000 +0.0000 dist 0.0000 dv +0.0000 +0.0000 +0.0000 footing_agreed true server_ground true
tick 67 client_tick 72 d +0.0000 +0.0000 +0.0000 dist 0.0000 dv +0.0000 +0.0000 +0.0000 footing_agreed true server_ground true
tick 68 client_tick 73 d +0.0000 +0.0000 +0.0000 dist 0.0000 dv +0.0000 +0.0000 +0.0000 footing_agreed true server_ground true
tick 69 client_tick 74 d +0.0000 +0.0000 +0.0000 dist 0.0000 dv +0.0000 +0.0000 +0.0000 footing_agreed true server_ground true
tick 70 client_tick 75 d +0.0000 +0.0000 +0.0000 dist 0.0000 dv +0.0000 +0.0000 +0.0000 footing_agreed true server_ground true
tick 71 client_tick 76 d +0.0000 +0.0000 +0.0000 dist 0.0000 dv +0.0000 +0.0000 +0.0000 footing_agreed true server_ground true
tick 72 client_tick 77 d +0.0000 +0.0000 +0.0000 dist 0.0000 dv +0.0000 +0.0000 +0.0000 footing_agreed true server_ground true
tick 73 client_tick 78 d +0.0000 +0.0000 +0.0000 dist 0.0000 dv +0.0000 +0.0000 +0.0000 footing_agreed true server_ground true
tick 74 client_tick 79 d +0.0000 +0.0000 +0.0000 dist 0.0000 dv +0.0000 +0.0000 +0.0000 footing_agreed true server_ground true
tick 75 client_tick 80 d +0.0000 +0.0000 +0.0000 dist 0.0000 dv +0.0000 +0.0000 +0.0000 footing_agreed true server_ground true
tick 76 client_tick 81 d +0.0000 +0.0000 +0.0000 dist 0.0000 dv +0.0000 +0.0000 +0.0000 footing_agreed true server_ground true
tick 77 client_tick 82 d +0.0000 +0.0000 +0.0000 dist 0.0000 dv +0.0000 +0.0000 +0.0000 footing_agreed true server_ground true
tick 78 client_tick 83 d +0.0000 +0.0000 +0.0000 dist 0.0000 dv +0.0000 +0.0000 +0.0000 footing_agreed true server_ground true
tick 79 client_tick 84 d +0.0000 +0.0000 +0.0000 dist 0.0000 dv +0.0000 +0.0000 +0.0000 footing_agreed true server_ground true
tick 80 client_tick 85 d +0.0000 +0.0000 +0.0000 dist 0.0000 dv +0.0000 +0.0000 +0.0000 footing_agreed true server_ground true
tick 81 client_tick 86 d +0.0000 +0.0000 +0.0000 dist 0.0000 dv +0.0000 +0.0000 +0.0000 footing_agreed true server_ground true
tick 82 client_tick 87 d +0.0000 +0.0000 +0.0000 dist 0.0000 dv +0.0000 +0.0000 +0.0000 footing_agreed true server_ground true
tick 83 client_tick 88 d +0.0000 +0.0000 +0.0000 dist 0.0000 dv +0.0000 +0.0000 +0.0000 footing_agreed true server_ground true
tick 84 client_tick 89 d +0.0000 +0.0000 +0.0000 dist 0.0000 dv +0.0000 +0.0000 +0.0000 footing_agreed true server_ground true
tick 85 client_tick 90 d +0.0000 +0.0000 +0.0000 dist 0.0000 dv +0.0000 +0.0000 +0.0000 footing_agreed true server_ground true
tick 86 client_tick 91 d +0.0000 +0.0000 +0.0000 dist 0.0000 dv +0.0000 +0.0000 +0.0000 footing_agreed true server_ground true
tick 87 client_tick 92 d +0.0000 +0.0000 +0.0000 dist 0.0000 dv +0.0000 +0.0000 +0.0000 footing_agreed true server_ground true
tick 88 client_tick 93 d +0.0000 +0.0000 +0.0000 dist 0.0000 dv +0.0000 +0.0000 +0.0000 footing_agreed true server_ground true
tick 89 client_tick 94 d +0.0000 +0.0000 +0.0000 dist 0.0000 dv +0.0000 +0.0000 +0.0000 footing_agreed true server_ground true
tick 90 client_tick 95 d +0.0000 +0.0000 +0.0000 dist 0.0000 dv +0.0000 +0.0000 +0.0000 footing_agreed true server_ground true
tick 91 client_tick 96 d +0.0000 +0.0000 +0.0000 dist 0.0000 dv +0.0000 +0.0000 +0.0000 footing_agreed true server_ground true
tick 92 client_tick 97 d +0.0000 +0.0000 +0.0000 dist 0.0000 dv +0.0000 +0.0000 +0.0000 footing_agreed true server_ground true
tick 93 client_tick 98 d +0.0000 +0.0000 +0.0000 dist 0.0000 dv +0.0000 +0.0000 +0.0000 footing_agreed true server_ground true
tick 94 client_tick 99 d +0.0000 +0.0000 +0.0000 dist 0.0000 dv +0.0000 +0.0000 +0.0000 footing_agreed true server_ground true
tick 95 client_tick 100 d +0.0000 +0.0000 +0.0000 dist 0.0000 dv +0.0000 +0.0000 +0.0000 footing_agreed true server_ground true
tick 96 client_tick 101 d +0.0000 +0.0000 +0.0000 dist 0.0000 dv +0.0000 +0.0000 +0.0000 footing_agreed true server_ground true
tick 97 client_tick 102 d +0.0000 +0.0000 +0.0000 dist 0.0000 dv +0.0000 +0.0000 +0.0000 footing_agreed true server_ground true
tick 98 client_tick 103 d +0.0000 +0.0000 +0.0000 dist 0.0000 dv +0.0000 +0.0000 +0.0000 footing_agreed true server_ground true
tick 99 client_tick 104 d +0.0000 +0.0000 +0.0000 dist 0.0000 dv +0.0000 +0.0000 +0.0000 footing_agreed true server_ground true
tick 100 client_tick 105 d +0.0000 +0.0000 +0.0000 dist 0.0000 dv +0.0000 +0.0000 +0.0000 footing_agreed true server_ground true
tick 101 client_tick 106 d +0.0000 +0.0000 +0.0000 dist 0.0000 dv +0.0000 +0.0000 +0.0000 footing_agreed true server_ground true
tick 102 client_tick 107 d +0.0000 +0.0000 +0.0000 dist 0.0000 dv +0.0000 +0.0000 +0.0000 footing_agreed true server_ground true
tick 103 client_tick 108 d +0.0000 +0.0000 +0.0000 dist 0.0000 dv +0.0000 +0.0000 +0.0000 footing_agreed true server_ground true
tick 104 client_tick 109 d +0.0000 +0.0000 +0.0000 dist 0.0000 dv +0.0000 +0.0000 +0.0000 footing_agreed true server_ground true
tick 105 client_tick 110 d +0.0000 +0.0000 +0.0000 dist 0.0000 dv +0.0000 +0.0000 +0.0000 footing_agreed true server_ground true
tick 106 client_tick 111 d +0.0000 +0.0000 +0.0000 dist 0.0000 dv +0.0000 +0.0000 +0.0000 footing_agreed true server_ground true
tick 107 client_tick 112 d +0.0000 +0.0000 +0.0000 dist 0.0000 dv +0.0000 +0.0000 +0.0000 footing_agreed true server_ground true
tick 108 client_tick 113 d +0.0000 +0.0000 +0.0000 dist 0.0000 dv +0.0000 +0.0000 +0.0000 footing_agreed true server_ground true
tick 109 client_tick 114 d +0.0000 +0.0000 +0.0000 dist 0.0000 dv +0.0000 +0.0000 +0.0000 footing_agreed true server_ground true
tick 110 client_tick 115 d +0.0000 +0.0000 +0.0000 dist 0.0000 dv +0.0000 +0.0000 +0.0000 footing_agreed true server_ground true
tick 111 client_tick 116 d +0.0000 +0.0000 +0.0000 dist 0.0000 dv +0.0000 +0.0000 +0.0000 footing_agreed true server_ground true
tick 112 client_tick 117 d +0.0000 +0.0000 +0.0000 dist 0.0000 dv +0.0000 +0.0000 +0.0000 footing_agreed true server_ground true
tick 113 client_tick 118 d +0.0000 +0.0000 +0.0000 dist 0.0000 dv +0.0000 +0.0000 +0.0000 footing_agreed true server_ground true
tick 114 client_tick 119 d +0.0000 +0.0000 +0.0000 dist 0.0000 dv +0.0000 +0.0000 +0.0000 footing_agreed true server_ground true
tick 115 client_tick 120 d +0.0000 +0.0000 +0.0000 dist 0.0000 dv +0.0000 +0.0000 +0.0000 footing_agreed true server_ground true
tick 116 client_tick 121 d +0.0000 +0.0000 +0.0000 dist 0.0000 dv +0.0000 +0.0000 +0.0000 footing_agreed true server_ground true
tick 117 client_tick 122 d +0.0000 +0.0000 +0.0000 dist 0.0000 dv +0.0000 +0.0000 +0.0000 footing_agreed true server_ground true
tick 118 client_tick 123 d +0.0000 +0.0000 +0.0000 dist 0.0000 dv +0.0000 +0.0000 +0.0000 footing_agreed true server_ground true
tick 119 client_tick 124 d +0.0000 +0.0000 +0.0000 dist 0.0000 dv +0.0000 +0.0000 +0.0000 footing_agreed true server_ground true
tick 120 client_tick 125 d +0.0000 +0.0000 +0.0000 dist 0.0000 dv +0.0000 +0.0000 +0.0000 footing_agreed true server_ground true
tick 121 client_tick 126 d +0.0000 +0.0000 +0.0000 dist 0.0000 dv +0.0000 +0.0000 +0.0000 footing_agreed true server_ground true
tick 122 client_tick 127 d +0.0000 +0.0000 +0.0000 dist 0.0000 dv +0.0000 +0.0000 +0.0000 footing_agreed true server_ground true
tick 123 client_tick 128 d +0.0000 +0.0000 +0.0000 dist 0.0000 dv +0.0000 +0.0000 +0.0000 footing_agreed true server_ground true
tick 124 client_tick 129 d +0.0000 +0.0000 +0.0000 dist 0.0000 dv +0.0000 +0.0000 +0.0000 footing_agreed true server_ground true
tick 125 client_tick 130 d +0.0000 +0.0000 +0.0000 dist 0.0000 dv +0.0000 +0.0000 +0.0000 footing_agreed true server_ground true
tick 126 client_tick 131 d +0.0000 +0.0000 +0.0000 dist 0.0000 dv +0.0000 +0.0000 +0.0000 footing_agreed true server_ground true
tick 127 client_tick 132 d +0.0000 +0.0000 +0.0000 dist 0.0000 dv +0.0000 +0.0000 +0.0000 footing_agreed true server_ground true
tick 128 client_tick 133 d +0.0000 +0.0000 +0.0000 dist 0.0000 dv +0.0000 +0.0000 +0.0000 footing_agreed true server_ground true
tick 129 client_tick 134 d +0.0000 +0.0000 +0.0000 dist 0.0000 dv +0.0000 +0.0000 +0.0000 footing_agreed true server_ground true
tick 130 client_tick 135 d +0.0000 +0.0000 +0.0000 dist 0.0000 dv +0.0000 +0.0000 +0.0000 footing_agreed true server_ground true
tick 131 client_tick 136 d +0.0000 +0.0000 +0.0000 dist 0.0000 dv +0.0000 +0.0000 +0.0000 footing_agreed true server_ground true
tick 132 client_tick 137 d +0.0000 +0.0000 +0.0000 dist 0.0000 dv +0.0000 +0.0000 +0.0000 footing_agreed true server_ground true
tick 133 client_tick 138 d +0.0000 +0.0000 +0.0000 dist 0.0000 dv +0.0000 +0.0000 +0.0000 footing_agreed true server_ground true
tick 134 client_tick 139 d +0.0000 +0.0000 +0.0000 dist 0.0000 dv +0.0000 +0.0000 +0.0000 footing_agreed true server_ground true
tick 135 client_tick 140 d +0.0000 +0.0000 +0.0000 dist 0.0000 dv +0.0000 +0.0000 +0.0000 footing_agreed true server_ground true
tick 136 client_tick 141 d +0.0000 +0.0000 +0.0000 dist 0.0000 dv +0.0000 +0.0000 +0.0000 footing_agreed true server_ground true
tick 137 client_tick 142 d +0.0000 +0.0000 +0.0000 dist 0.0000 dv +0.0000 +0.0000 +0.0000 footing_agreed true server_ground true
tick 138 client_tick 143 d +0.0000 +0.0000 +0.0000 dist 0.0000 dv +0.0000 +0.0000 +0.0000 footing_agreed true server_ground true
tick 139 client_tick 144 d +0.0000 +0.0000 +0.0000 dist 0.0000 dv +0.0000 +0.0000 +0.0000 footing_agreed true server_ground true
tick 140 client_tick 145 d +0.0000 +0.0000 +0.0000 dist 0.0000 dv +0.0000 +0.0000 +0.0000 footing_agreed true server_ground true
tick 141 client_tick 146 d +0.0000 +0.0000 +0.0000 dist 0.0000 dv +0.0000 +0.0000 +0.0000 footing_agreed true server_ground true
tick 142 client_tick 147 d +0.0000 +0.0000 +0.0000 dist 0.0000 dv +0.0000 +0.0000 +0.0000 footing_agreed true server_ground true
tick 143 client_tick 148 d +0.0000 +0.0000 +0.0000 dist 0.0000 dv +0.0000 +0.0000 +0.0000 footing_agreed true server_ground true
tick 144 client_tick 149 d +0.0000 +0.0000 +0.0000 dist 0.0000 dv +0.0000 +0.0000 +0.0000 footing_agreed true server_ground true
tick 145 client_tick 150 d +0.0000 +0.0000 +0.0000 dist 0.0000 dv +0.0000 +0.0000 +0.0000 footing_agreed true server_ground false
tick 146 client_tick 151 d +0.0000 +0.0000 +0.0000 dist 0.0000 dv +0.0000 +0.0000 +0.0000 footing_agreed true server_ground false
tick 147 client_tick 152 d +0.0000 +0.0000 +0.0000 dist 0.0000 dv +0.0000 +0.0000 +0.0000 footing_agreed true server_ground false
tick 148 client_tick 153 d +0.0000 +0.0000 +0.0000 dist 0.0000 dv +0.0000 +0.0000 +0.0000 footing_agreed true server_ground false
tick 149 client_tick 154 d +0.0000 +0.0000 +0.0000 dist 0.0000 dv +0.0000 +0.0000 +0.0000 footing_agreed true server_ground false
tick 150 client_tick 155 d +0.0000 +0.0000 +0.0000 dist 0.0000 dv +0.0000 +0.0000 +0.0000 footing_agreed true server_ground false
tick 151 client_tick 156 d +0.0000 +0.0000 +0.0000 dist 0.0000 dv +0.0000 +0.0000 +0.0000 footing_agreed true server_ground false
tick 152 client_tick 157 d +0.0000 +0.0000 +0.0000 dist 0.0000 dv +0.0000 +0.0000 +0.0000 footing_agreed true server_ground false
tick 153 client_tick 158 d +0.0000 +0.0000 +0.0000 dist 0.0000 dv +0.0000 +0.0000 +0.0000 footing_agreed true server_ground false
tick 154 client_tick 159 d +0.0000 +0.0000 +0.0000 dist 0.0000 dv +0.0000 +0.0000 +0.0000 footing_agreed true server_ground true
tick 155 client_tick 160 d +0.0000 +0.0000 +0.0000 dist 0.0000 dv +0.0000 +0.0000 +0.0000 footing_agreed true server_ground true
tick 156 client_tick 161 d +0.0000 +0.0000 +0.0000 dist 0.0000 dv +0.0000 +0.0000 +0.0000 footing_agreed true server_ground true
tick 157 client_tick 162 d +0.0000 +0.0000 +0.0000 dist 0.0000 dv +0.0000 +0.0000 +0.0000 footing_agreed true server_ground false
tick 158 client_tick 163 d +0.0000 +0.0000 +0.0000 dist 0.0000 dv +0.0000 +0.0000 +0.0000 footing_agreed true server_ground false
tick 159 client_tick 164 d +0.0000 +0.0000 +0.0000 dist 0.0000 dv +0.0000 +0.0000 +0.0000 footing_agreed true server_ground false
tick 160 client_tick 165 d +0.0000 +0.0000 +0.0000 dist 0.0000 dv +0.0000 +0.0000 +0.0000 footing_agreed true server_ground false
tick 161 client_tick 166 d +0.0000 +0.0000 +0.0000 dist 0.0000 dv +0.0000 +0.0000 +0.0000 footing_agreed true server_ground false
tick 162 client_tick 167 d +0.0000 +0.0000 +0.0000 dist 0.0000 dv +0.0000 +0.0000 +0.0000 footing_agreed true server_ground false
tick 163 client_tick 168 d +0.0000 +0.0000 +0.0000 dist 0.0000 dv +0.0000 +0.0000 +0.0000 footing_agreed true server_ground false
tick 164 client_tick 169 d +0.0000 +0.0000 +0.0000 dist 0.0000 dv +0.0000 +0.0000 +0.0000 footing_agreed true server_ground false
tick 165 client_tick 170 d +0.0000 +0.0000 +0.0000 dist 0.0000 dv +0.0000 +0.0000 +0.0000 footing_agreed true server_ground false
tick 166 client_tick 171 d +0.0000 +0.0000 +0.0000 dist 0.0000 dv +0.0000 +0.0000 +0.0000 footing_agreed true server_ground true
tick 167 client_tick 172 d +0.0000 +0.0000 +0.0000 dist 0.0000 dv +0.0000 +0.0000 +0.0000 footing_agreed true server_ground true
tick 168 client_tick 173 d +0.0000 +0.0000 +0.0000 dist 0.0000 dv +0.0000 +0.0000 +0.0000 footing_agreed true server_ground true
tick 169 client_tick 174 d +0.0000 +0.0000 +0.0000 dist 0.0000 dv +0.0000 +0.0000 +0.0000 footing_agreed true server_ground false
tick 170 client_tick 175 d +0.0000 +0.0000 +0.0000 dist 0.0000 dv +0.0000 +0.0000 +0.0000 footing_agreed true server_ground false
tick 171 client_tick 176 d +0.0000 +0.0000 +0.0000 dist 0.0000 dv +0.0000 +0.0000 +0.0000 footing_agreed true server_ground false
tick 172 client_tick 177 d -2.6586 +7.9266 +0.3149 dist 8.3665 dv -0.2149 +0.6216 +0.0260 footing_agreed false server_ground false
tick 173 client_tick 178 d +0.3414 +0.9502 +0.0000 dist 1.0096 dv +0.0000 +0.6216 +0.0000 footing_agreed true server_ground false
tick 174 client_tick 179 d -0.8591 +0.0000 +0.0657 dist 0.8616 dv +0.0000 +0.0000 +0.0000 footing_agreed true server_ground false
tick 175 client_tick 180 d -0.6029 +0.0000 +0.0348 dist 0.6039 dv +0.0000 +0.0000 +0.0000 footing_agreed true server_ground false
tick 176 client_tick 181 d -0.3156 +0.0000 +0.0000 dist 0.3156 dv +0.0000 +0.0000 +0.0000 footing_agreed true server_ground false
tick 177 client_tick 182 d +0.0000 +0.0000 +0.0000 dist 0.0000 dv +0.0000 +0.0000 +0.0000 footing_agreed true server_ground false
tick 178 client_tick 183 d +0.0000 +0.0000 +0.0000 dist 0.0000 dv +0.0000 +0.0000 +0.0000 footing_agreed true server_ground true
tick 179 client_tick 184 d +0.0000 +0.0000 +0.0000 dist 0.0000 dv +0.0000 +0.0000 +0.0000 footing_agreed true server_ground true
tick 180 client_tick 185 d +0.0000 +0.0000 +0.0000 dist 0.0000 dv +0.0000 +0.0000 +0.0000 footing_agreed true server_ground true
tick 181 client_tick 186 d +0.0000 +0.0000 +0.0000 dist 0.0000 dv +0.0000 +0.0000 +0.0000 footing_agreed true server_ground true
tick 182 client_tick 187 d +0.0000 +0.0000 +0.0000 dist 0.0000 dv +0.0000 +0.0000 +0.0000 footing_agreed true server_ground true
tick 183 client_tick 188 d +0.0000 +0.0000 +0.0000 dist 0.0000 dv +0.0000 +0.0000 +0.0000 footing_agreed true server_ground true
tick 184 client_tick 189 d +0.0000 +0.0000 +0.0000 dist 0.0000 dv +0.0000 +0.0000 +0.0000 footing_agreed true server_ground true
tick 185 client_tick 190 d +0.0000 +0.0000 +0.0000 dist 0.0000 dv +0.0000 +0.0000 +0.0000 footing_agreed true server_ground true
tick 186 client_tick 191 d +0.0000 +0.0000 +0.0000 dist 0.0000 dv +0.0000 +0.0000 +0.0000 footing_agreed true server_ground true
tick 187 client_tick 192 d +0.0000 +0.0000 +0.0000 dist 0.0000 dv +0.0000 +0.0000 +0.0000 footing_agreed true server_ground true
tick 188 client_tick 193 d +0.0000 +0.0000 +0.0000 dist 0.0000 dv +0.0000 +0.0000 +0.0000 footing_agreed true server_ground true
tick 189 client_tick 194 d +0.0000 +0.0000 +0.0000 dist 0.0000 dv +0.0000 +0.0000 +0.0000 footing_agreed true server_ground true
tick 190 client_tick 195 d +0.0000 +0.0000 +0.0000 dist 0.0000 dv +0.0000 +0.0000 +0.0000 footing_agreed true server_ground true
tick 191 client_tick 196 d +0.0000 +0.0000 +0.0000 dist 0.0000 dv +0.0000 +0.0000 +0.0000 footing_agreed true server_ground true
tick 192 client_tick 197 d +0.0000 +0.0000 +0.0000 dist 0.0000 dv +0.0000 +0.0000 +0.0000 footing_agreed true server_ground true
tick 193 client_tick 198 d +0.0000 +0.0000 +0.0000 dist 0.0000 dv +0.0000 +0.0000 +0.0000 footing_agreed true server_ground true
tick 194 client_tick 199 d +0.0000 +0.0000 +0.0000 dist 0.0000 dv +0.0000 +0.0000 +0.0000 footing_agreed true server_ground true
tick 195 client_tick 200 d +0.0000 +0.0000 +0.0000 dist 0.0000 dv +0.0000 +0.0000 +0.0000 footing_agreed true server_ground true
tick 196 client_tick 201 d +0.0000 +0.0000 +0.0000 dist 0.0000 dv +0.0000 +0.0000 +0.0000 footing_agreed true server_ground true
tick 197 client_tick 202 d +0.0000 +0.0000 +0.0000 dist 0.0000 dv +0.0000 +0.0000 +0.0000 footing_agreed true server_ground true
tick 198 client_tick 203 d +0.0000 +0.0000 +0.0000 dist 0.0000 dv +0.0000 +0.0000 +0.0000 footing_agreed true server_ground false
tick 199 client_tick 204 d +0.0000 +0.0000 +0.0000 dist 0.0000 dv +0.0000 +0.0000 +0.0000 footing_agreed true server_ground false
tick 200 client_tick 205 d +0.0000 +0.0000 +0.0000 dist 0.0000 dv +0.0000 +0.0000 +0.0000 footing_agreed true server_ground false
tick 201 client_tick 206 d +0.0000 +0.0000 +0.0000 dist 0.0000 dv +0.0000 +0.0000 +0.0000 footing_agreed true server_ground false
tick 202 client_tick 207 d +0.0000 +0.0000 +0.0000 dist 0.0000 dv +0.0000 +0.0000 +0.0000 footing_agreed true server_ground false
tick 203 client_tick 208 d +0.0000 +0.0000 +0.0000 dist 0.0000 dv +0.0000 +0.0000 +0.0000 footing_agreed true server_ground false
tick 204 client_tick 209 d +0.0000 +0.0000 +0.0000 dist 0.0000 dv +0.0000 +0.0000 +0.0000 footing_agreed true server_ground false
tick 205 client_tick 210 d +0.0000 +0.0000 +0.0000 dist 0.0000 dv +0.0000 +0.0000 +0.0000 footing_agreed true server_ground false
tick 206 client_tick 211 d +0.0000 +0.0000 +0.0000 dist 0.0000 dv +0.0000 +0.0000 +0.0000 footing_agreed true server_ground false
tick 207 client_tick 212 d +0.0000 +0.0000 +0.0000 dist 0.0000 dv +0.0000 +0.0000 +0.0000 footing_agreed true server_ground false
tick 208 client_tick 213 d +0.0000 +0.0000 +0.0000 dist 0.0000 dv +0.0000 +0.0000 +0.0000 footing_agreed true server_ground false
tick 209 client_tick 214 d +0.0000 +0.0000 +0.0000 dist 0.0000 dv +0.0000 +0.0000 +0.0000 footing_agreed true server_ground false
tick 210 client_tick 215 d +0.0000 +0.0000 +0.0000 dist 0.0000 dv +0.0000 +0.0000 +0.0000 footing_agreed true server_ground false
tick 211 client_tick 216 d +1.9881 -6.7600 +0.0995 dist 7.0470 dv +0.1694 +0.2400 +0.0230 footing_agreed false server_ground true
tick 212 client_tick 217 d +0.5115 +0.0000 -0.0619 dist 0.5152 dv +0.0859 +0.0000 -0.0104 footing_agreed true server_ground true
tick 213 client_tick 218 d +2.0626 -4.7600 +0.0638 dist 5.1881 dv +0.3069 +0.2400 +0.0068 footing_agreed false server_ground true
tick 214 client_tick 219 d -0.1641 -2.7600 +0.0199 dist 2.7649 dv -0.0163 +0.2400 +0.0020 footing_agreed false server_ground true
tick 215 client_tick 220 d +1.3572 -2.7600 +0.0210 dist 3.0757 dv +0.1105 +0.2400 +0.0012 footing_agreed false server_ground true
tick 216 client_tick 221 d +1.4235 -2.7600 -0.1297 dist 3.1082 dv +0.0663 +0.2400 -0.0016 footing_agreed false server_ground true
tick 217 client_tick 222 d +0.1061 +0.0000 +1.9872 dist 1.9900 dv -0.0707 +0.0000 +0.0086 footing_agreed true server_ground true
tick 218 client_tick 223 d +0.7314 +0.0000 -6.0885 dist 6.1323 dv -0.4876 +0.0000 +0.0590 footing_agreed true server_ground true
tick 219 client_tick 224 d +0.2547 +0.0000 +4.9692 dist 4.9757 dv -0.1698 +0.0000 +0.0205 footing_agreed true server_ground true
tick 220 client_tick 225 d +0.0000 +0.0000 +0.0000 dist 0.0000 dv +0.0000 +0.0000 +0.0000 footing_agreed true server_ground true
tick 221 client_tick 226 d +0.0000 +0.0000 +0.0000 dist 0.0000 dv +0.0000 +0.0000 +0.0000 footing_agreed true server_ground true
tick 222 client_tick 227 d +0.0000 +0.0000 +0.0000 dist 0.0000 dv +0.0000 +0.0000 +0.0000 footing_agreed true server_ground true
tick 223 client_tick 228 d +0.0000 +0.0000 +0.0000 dist 0.0000 dv +0.0000 +0.0000 +0.0000 footing_agreed true server_ground true
tick 224 client_tick 229 d +0.0000 +0.0000 +0.0000 dist 0.0000 dv +0.0000 +0.0000 +0.0000 footing_agreed true server_ground true
tick 225 client_tick 230 d +0.0000 +0.0000 +0.0000 dist 0.0000 dv +0.0000 +0.0000 +0.0000 footing_agreed true server_ground true
tick 226 client_tick 231 d +0.0000 +0.0000 +0.0000 dist 0.0000 dv +0.0000 +0.0000 +0.0000 footing_agreed true server_ground true
tick 227 client_tick 232 d +0.0000 +0.0000 +0.0000 dist 0.0000 dv +0.0000 +0.0000 +0.0000 footing_agreed true server_ground true
tick 228 client_tick 233 d +0.0000 +0.0000 +0.0000 dist 0.0000 dv +0.0000 +0.0000 +0.0000 footing_agreed true server_ground true
tick 229 client_tick 234 d +0.0000 +0.0000 +0.0000 dist 0.0000 dv +0.0000 +0.0000 +0.0000 footing_agreed true server_ground true
tick 230 client_tick 235 d +0.0000 +0.0000 +0.0000 dist 0.0000 dv +0.0000 +0.0000 +0.0000 footing_agreed true server_ground true
tick 231 client_tick 236 d +0.0000 +0.0000 +0.0000 dist 0.0000 dv +0.0000 +0.0000 +0.0000 footing_agreed true server_ground true
tick 232 client_tick 237 d +0.0000 +0.0000 +0.0000 dist 0.0000 dv +0.0000 +0.0000 +0.0000 footing_agreed true server_ground true
tick 233 client_tick 238 d +0.0000 +0.0000 +0.0000 dist 0.0000 dv +0.0000 +0.0000 +0.0000 footing_agreed true server_ground true
tick 234 client_tick 239 d +0.0000 +0.0000 +0.0000 dist 0.0000 dv +0.0000 +0.0000 +0.0000 footing_agreed true server_ground true
tick 235 client_tick 240 d +0.0000 +0.0000 +0.0000 dist 0.0000 dv +0.0000 +0.0000 +0.0000 footing_agreed true server_ground true
tick 236 client_tick 241 d +0.0000 +0.0000 +0.0000 dist 0.0000 dv +0.0000 +0.0000 +0.0000 footing_agreed true server_ground true
tick 237 client_tick 242 d +0.0000 +0.0000 +0.0000 dist 0.0000 dv +0.0000 +0.0000 +0.0000 footing_agreed true server_ground true
tick 238 client_tick 243 d +0.0000 +0.0000 +0.0000 dist 0.0000 dv +0.0000 +0.0000 +0.0000 footing_agreed true server_ground true
tick 239 client_tick 244 d +0.0000 +0.0000 +0.0000 dist 0.0000 dv +0.0000 +0.0000 +0.0000 footing_agreed true server_ground true
tick 240 client_tick 245 d +0.0000 +0.0000 +0.0000 dist 0.0000 dv +0.0000 +0.0000 +0.0000 footing_agreed true server_ground true
tick 241 client_tick 246 d +0.0000 +0.0000 +0.0000 dist 0.0000 dv +0.0000 +0.0000 +0.0000 footing_agreed true server_ground true
tick 242 client_tick 247 d +0.0000 +0.0000 +0.0000 dist 0.0000 dv +0.0000 +0.0000 +0.0000 footing_agreed true server_ground true
tick 243 client_tick 248 d +0.0000 +0.0000 +0.0000 dist 0.0000 dv +0.0000 +0.0000 +0.0000 footing_agreed true server_ground true
tick 244 client_tick 249 d +0.0000 +0.0000 +0.0000 dist 0.0000 dv +0.0000 +0.0000 +0.0000 footing_agreed true server_ground true
tick 245 client_tick 250 d +0.0000 +0.0000 +0.0000 dist 0.0000 dv +0.0000 +0.0000 +0.0000 footing_agreed true server_ground true
tick 246 client_tick 251 d +0.0000 +0.0000 +0.0000 dist 0.0000 dv +0.0000 +0.0000 +0.0000 footing_agreed true server_ground true
tick 247 client_tick 252 d +0.0000 +0.0000 +0.0000 dist 0.0000 dv +0.0000 +0.0000 +0.0000 footing_agreed true server_ground true
tick 248 client_tick 253 d +0.0000 +0.0000 +0.0000 dist 0.0000 dv +0.0000 +0.0000 +0.0000 footing_agreed true server_ground true
tick 249 client_tick 254 d +0.0000 +0.0000 +0.0000 dist 0.0000 dv +0.0000 +0.0000 +0.0000 footing_agreed true server_ground true
tick 250 client_tick 255 d +0.0000 +0.0000 +0.0000 dist 0.0000 dv +0.0000 +0.0000 +0.0000 footing_agreed true server_ground true
tick 251 client_tick 256 d +0.0000 +0.0000 +0.0000 dist 0.0000 dv +0.0000 +0.0000 +0.0000 footing_agreed true server_ground true
tick 252 client_tick 257 d +0.0000 +0.0000 +0.0000 dist 0.0000 dv +0.0000 +0.0000 +0.0000 footing_agreed true server_ground true
tick 253 client_tick 258 d +0.0000 +0.0000 +0.0000 dist 0.0000 dv +0.0000 +0.0000 +0.0000 footing_agreed true server_ground true
tick 254 client_tick 259 d +0.0000 +0.0000 +0.0000 dist 0.0000 dv +0.0000 +0.0000 +0.0000 footing_agreed true server_ground true
tick 255 client_tick 260 d +0.0000 +0.0000 +0.0000 dist 0.0000 dv +0.0000 +0.0000 +0.0000 footing_agreed true server_ground true
tick 256 client_tick 261 d +0.0000 +0.0000 +0.0000 dist 0.0000 dv +0.0000 +0.0000 +0.0000 footing_agreed true server_ground true
tick 257 client_tick 262 d +0.0000 +0.0000 +0.0000 dist 0.0000 dv +0.0000 +0.0000 +0.0000 footing_agreed true server_ground true
tick 258 client_tick 263 d +0.0000 +0.0000 +0.0000 dist 0.0000 dv +0.0000 +0.0000 +0.0000 footing_agreed true server_ground true
tick 259 client_tick 264 d +0.0000 +0.0000 +0.0000 dist 0.0000 dv +0.0000 +0.0000 +0.0000 footing_agreed true server_ground true
tick 260 client_tick 265 d +0.0000 +0.0000 +0.0000 dist 0.0000 dv +0.0000 +0.0000 +0.0000 footing_agreed true server_ground true
tick 261 client_tick 266 d +0.0000 +0.0000 +0.0000 dist 0.0000 dv +0.0000 +0.0000 +0.0000 footing_agreed true server_ground true
tick 262 client_tick 267 d +0.0000 +0.0000 +0.0000 dist 0.0000 dv +0.0000 +0.0000 +0.0000 footing_agreed true server_ground true
tick 263 client_tick 268 d +0.0000 +0.0000 +0.0000 dist 0.0000 dv +0.0000 +0.0000 +0.0000 footing_agreed true server_ground true
tick 264 client_tick 269 d +0.0000 +0.0000 +0.0000 dist 0.0000 dv +0.0000 +0.0000 +0.0000 footing_agreed true server_ground true
tick 265 client_tick 270 d +0.0000 +0.0000 +0.0000 dist 0.0000 dv +0.0000 +0.0000 +0.0000 footing_agreed true server_ground true
tick 266 client_tick 271 d +0.0000 +0.0000 +0.0000 dist 0.0000 dv +0.0000 +0.0000 +0.0000 footing_agreed true server_ground true
tick 267 client_tick 272 d +0.0000 +0.0000 +0.0000 dist 0.0000 dv +0.0000 +0.0000 +0.0000 footing_agreed true server_ground true
tick 268 client_tick 273 d +0.0000 +0.0000 +0.0000 dist 0.0000 dv +0.0000 +0.0000 +0.0000 footing_agreed true server_ground true
tick 269 client_tick 274 d +0.0000 +0.0000 +0.0000 dist 0.0000 dv +0.0000 +0.0000 +0.0000 footing_agreed true server_ground true
tick 270 client_tick 275 d +0.0000 +0.0000 +0.0000 dist 0.0000 dv +0.0000 +0.0000 +0.0000 footing_agreed true server_ground true
tick 271 client_tick 276 d +0.0000 +0.0000 +0.0000 dist 0.0000 dv +0.0000 +0.0000 +0.0000 footing_agreed true server_ground true
